Kernel database created

processing filtering method unfiltered
processing coherence 0.5929999947547913

processing triple ('raw', 'linear_reg', '"no_param"')
processing filtering method unfiltered
processing coherence 0.21780000627040863

processing triple ('raw', 'linear_reg', '"no_param"')
processing filtering method unfiltered
processing coherence 0.07999999821186066

processing triple ('raw', 'linear_reg', '"no_param"')
processing filtering method unfiltered
processing coherence 0.5929999947547913

processing triple ('raw', 'linear_reg', '"no_param"')
processing filtering method unfiltered
processing coherence 0.05000000074505806

processing triple ('raw', 'linear_reg', '"no_param"')
processing filtering method unfiltered
processing coherence 0.3594000041484833

processing triple ('raw', 'linear_reg', '"no_param"')
processing filtering method unfiltered
processing coherence 0.3594000041484833

processing triple ('raw', 'linear_reg', '"no_param"')
processing filtering method unfiltered
processing coherence 0.0

processing triple ('raw', 'linear_reg', '"no_param"')
processing filtering method unfiltered
processing coherence 0.9783999919891357

processing triple ('raw', 'linear_reg', '"no_param"')
processing filtering method unfiltered
processing coherence 0.3594000041484833

processing triple ('raw', 'linear_reg', '"no_param"')
processing filtering method unfiltered
processing coherence 0.16200000047683716

processing triple ('raw', 'linear_reg', '"no_param"')
processing filtering method unfiltered
processing coherence 0.5929999947547913

processing triple ('raw', 'linear_reg', '"no_param"')
processing filtering method unfiltered
processing coherence 0.9783999919891357

processing triple ('raw', 'linear_reg', '"no_param"')
processing filtering method unfiltered
processing coherence 0.5249000191688538

processing triple ('raw', 'linear_reg', '"no_param"')
processing filtering method unfiltered
processing coherence 0.5249000191688538

processing triple ('raw', 'linear_reg', '"no_param"')
processing filtering method unfiltered
processing coherence 0.9783999919891357

processing triple ('raw', 'linear_reg', '"no_param"')
processing filtering method unfiltered
processing coherence 0.13199999928474426

processing triple ('raw', 'linear_reg', '"no_param"')
processing filtering method unfiltered
processing coherence 0.3594000041484833

processing triple ('raw', 'linear_reg', '"no_param"')
processing filtering method unfiltered
processing coherence 0.3594000041484833

processing triple ('raw', 'linear_reg', '"no_param"')
processing filtering method unfiltered
processing coherence 0.21780000627040863

processing triple ('raw', 'linear_reg', '"no_param"')
processing filtering method unfiltered
processing coherence 0.9783999919891357

processing triple ('raw', 'linear_reg', '"no_param"')
processing filtering method unfiltered
processing coherence 0.0

processing triple ('raw', 'linear_reg', '"no_param"')
processing filtering method unfiltered
processing coherence 0.5249000191688538

processing triple ('raw', 'linear_reg', '"no_param"')
processing filtering method unfiltered
processing coherence 0.13199999928474426

processing triple ('raw', 'linear_reg', '"no_param"')
processing filtering method unfiltered
processing coherence 0.9448000192642212

processing triple ('raw', 'linear_reg', '"no_param"')
processing filtering method unfiltered
processing coherence 0.21780000627040863

processing triple ('raw', 'linear_reg', '"no_param"')
processing filtering method unfiltered
processing coherence 0.3594000041484833

processing triple ('raw', 'linear_reg', '"no_param"')
processing filtering method unfiltered
processing coherence 0.3594000041484833

processing triple ('raw', 'linear_reg', '"no_param"')
processing filtering method unfiltered
processing coherence 0.3594000041484833

processing triple ('raw', 'linear_reg', '"no_param"')
processing filtering method unfiltered
processing coherence 0.9448000192642212

processing triple ('raw', 'linear_reg', '"no_param"')
processing filtering method unfiltered
processing coherence 0.9448000192642212

processing triple ('raw', 'linear_reg', '"no_param"')
processing filtering method unfiltered
processing coherence 0.16200000047683716

processing triple ('raw', 'linear_reg', '"no_param"')
processing filtering method unfiltered
processing coherence 0.21780000627040863

processing triple ('raw', 'linear_reg', '"no_param"')
processing filtering method unfiltered
processing coherence 0.0

processing triple ('raw', 'linear_reg', '"no_param"')
processing filtering method unfiltered
processing coherence 0.21780000627040863

processing triple ('raw', 'linear_reg', '"no_param"')
processing filtering method unfiltered
processing coherence 0.9783999919891357

processing triple ('raw', 'linear_reg', '"no_param"')
processing filtering method unfiltered
processing coherence 0.09000000357627869

processing triple ('raw', 'linear_reg', '"no_param"')
processing filtering method unfiltered
processing coherence 0.0

processing triple ('raw', 'linear_reg', '"no_param"')
processing filtering method unfiltered
processing coherence 0.9783999919891357

processing triple ('raw', 'linear_reg', '"no_param"')
processing filtering method unfiltered
processing coherence 0.21780000627040863

processing triple ('raw', 'linear_reg', '"no_param"')
processing filtering method unfiltered
processing coherence 0.9783999919891357

processing triple ('raw', 'linear_reg', '"no_param"')
processing filtering method unfiltered
processing coherence 0.16200000047683716

processing triple ('raw', 'linear_reg', '"no_param"')
processing filtering method unfiltered
processing coherence 0.5929999947547913

processing triple ('raw', 'linear_reg', '"no_param"')
processing filtering method unfiltered
processing coherence 0.16200000047683716

processing triple ('raw', 'linear_reg', '"no_param"')
processing filtering method unfiltered
processing coherence 0.0

processing triple ('raw', 'linear_reg', '"no_param"')
processing filtering method unfiltered
processing coherence 0.05000000074505806

processing triple ('raw', 'linear_reg', '"no_param"')
processing filtering method unfiltered
processing coherence 0.3594000041484833

processing triple ('raw', 'linear_reg', '"no_param"')
processing filtering method unfiltered
processing coherence 0.5249000191688538

processing triple ('raw', 'linear_reg', '"no_param"')
processing filtering method unfiltered
processing coherence 0.9783999919891357

processing triple ('raw', 'linear_reg', '"no_param"')
processing filtering method unfiltered
processing coherence 0.07999999821186066

processing triple ('raw', 'linear_reg', '"no_param"')
processing filtering method unfiltered
processing coherence 0.13199999928474426

processing triple ('raw', 'linear_reg', '"no_param"')
processing filtering method unfiltered
processing coherence 0.9448000192642212

processing triple ('raw', 'linear_reg', '"no_param"')
processing filtering method unfiltered
processing coherence 0.9448000192642212

processing triple ('raw', 'linear_reg', '"no_param"')
processing filtering method unfiltered
processing coherence 0.3594000041484833

processing triple ('raw', 'linear_reg', '"no_param"')
processing filtering method unfiltered
processing coherence 0.0

processing triple ('raw', 'linear_reg', '"no_param"')
processing filtering method unfiltered
processing coherence 0.3594000041484833

processing triple ('raw', 'linear_reg', '"no_param"')
processing filtering method unfiltered
processing coherence 0.29159998893737793

processing triple ('raw', 'linear_reg', '"no_param"')
processing filtering method unfiltered
processing coherence 0.16200000047683716

processing triple ('raw', 'linear_reg', '"no_param"')
processing filtering method unfiltered
processing coherence 0.29159998893737793

processing triple ('raw', 'linear_reg', '"no_param"')
processing filtering method unfiltered
processing coherence 0.29159998893737793

processing triple ('raw', 'linear_reg', '"no_param"')
processing filtering method unfiltered
processing coherence 0.9448000192642212

processing triple ('raw', 'linear_reg', '"no_param"')
processing filtering method unfiltered
processing coherence 0.0

processing triple ('raw', 'linear_reg', '"no_param"')
processing filtering method unfiltered
processing coherence 0.5929999947547913

processing triple ('raw', 'linear_reg', '"no_param"')
processing filtering method unfiltered
processing coherence 0.9783999919891357

processing triple ('raw', 'linear_reg', '"no_param"')
processing filtering method unfiltered
processing coherence 0.09000000357627869

processing triple ('raw', 'linear_reg', '"no_param"')
processing filtering method unfiltered
processing coherence 0.13199999928474426

processing triple ('raw', 'linear_reg', '"no_param"')
processing filtering method unfiltered
processing coherence 0.09000000357627869

processing triple ('raw', 'linear_reg', '"no_param"')
processing filtering method unfiltered
processing coherence 0.09000000357627869

processing triple ('raw', 'linear_reg', '"no_param"')
processing filtering method unfiltered
processing coherence 0.13199999928474426

processing triple ('raw', 'linear_reg', '"no_param"')
processing filtering method unfiltered
processing coherence 0.21780000627040863

processing triple ('raw', 'linear_reg', '"no_param"')
processing filtering method unfiltered
processing coherence 0.13199999928474426

processing triple ('raw', 'linear_reg', '"no_param"')
processing filtering method unfiltered
processing coherence 0.16200000047683716

processing triple ('raw', 'linear_reg', '"no_param"')
processing filtering method unfiltered
processing coherence 0.09000000357627869

processing triple ('raw', 'linear_reg', '"no_param"')
processing filtering method unfiltered
processing coherence 0.13199999928474426

processing triple ('raw', 'linear_reg', '"no_param"')
processing filtering method unfiltered
processing coherence 0.05000000074505806

processing triple ('raw', 'linear_reg', '"no_param"')
processing filtering method unfiltered
processing coherence 0.13199999928474426

processing triple ('raw', 'linear_reg', '"no_param"')
processing filtering method unfiltered
processing coherence 0.29159998893737793

processing triple ('raw', 'linear_reg', '"no_param"')
processing filtering method unfiltered
processing coherence 0.21780000627040863

processing triple ('raw', 'linear_reg', '"no_param"')
processing filtering method unfiltered
processing coherence 0.16200000047683716

processing triple ('raw', 'linear_reg', '"no_param"')
processing filtering method unfiltered
processing coherence 0.3594000041484833

processing triple ('raw', 'linear_reg', '"no_param"')
processing filtering method unfiltered
processing coherence 0.16200000047683716

processing triple ('raw', 'linear_reg', '"no_param"')
processing filtering method unfiltered
processing coherence 0.09000000357627869

processing triple ('raw', 'linear_reg', '"no_param"')
processing filtering method unfiltered
processing coherence 0.29159998893737793

processing triple ('raw', 'linear_reg', '"no_param"')
processing filtering method unfiltered
processing coherence 0.21780000627040863

processing triple ('raw', 'linear_reg', '"no_param"')
processing filtering method unfiltered
processing coherence 0.3594000041484833

processing triple ('raw', 'linear_reg', '"no_param"')
processing filtering method unfiltered
processing coherence 0.3594000041484833

processing triple ('raw', 'linear_reg', '"no_param"')
processing filtering method unfiltered
processing coherence 0.9448000192642212

processing triple ('raw', 'linear_reg', '"no_param"')
processing filtering method unfiltered
processing coherence 0.9448000192642212

processing triple ('raw', 'linear_reg', '"no_param"')
processing filtering method unfiltered
processing coherence 0.16200000047683716

processing triple ('raw', 'linear_reg', '"no_param"')
processing filtering method unfiltered
processing coherence 0.5249000191688538

processing triple ('raw', 'linear_reg', '"no_param"')
processing filtering method unfiltered
processing coherence 0.5929999947547913

processing triple ('raw', 'linear_reg', '"no_param"')
processing filtering method unfiltered
processing coherence 0.5249000191688538

processing triple ('raw', 'linear_reg', '"no_param"')
processing filtering method unfiltered
processing coherence 0.3594000041484833

processing triple ('raw', 'linear_reg', '"no_param"')
processing filtering method unfiltered
processing coherence 0.3594000041484833

processing triple ('raw', 'linear_reg', '"no_param"')
processing filtering method unfiltered
processing coherence 0.5249000191688538

processing triple ('raw', 'linear_reg', '"no_param"')
processing filtering method unfiltered
processing coherence 0.5929999947547913

processing triple ('raw', 'linear_reg', '"no_param"')
processing filtering method unfiltered
processing coherence 0.5249000191688538

processing triple ('raw', 'linear_reg', '"no_param"')
processing filtering method unfiltered
processing coherence 0.21780000627040863

processing triple ('raw', 'linear_reg', '"no_param"')
processing filtering method unfiltered
processing coherence 0.13199999928474426

processing triple ('raw', 'linear_reg', '"no_param"')
processing filtering method unfiltered
processing coherence 0.13199999928474426

processing triple ('raw', 'linear_reg', '"no_param"')
processing filtering method unfiltered
processing coherence 0.09000000357627869

processing triple ('raw', 'linear_reg', '"no_param"')
processing filtering method unfiltered
processing coherence 0.05000000074505806

processing triple ('raw', 'linear_reg', '"no_param"')
processing filtering method unfiltered
processing coherence 0.07999999821186066

processing triple ('raw', 'linear_reg', '"no_param"')
processing filtering method unfiltered
processing coherence 0.9783999919891357

processing triple ('raw', 'linear_reg', '"no_param"')
processing filtering method unfiltered
processing coherence 0.0

processing triple ('raw', 'linear_reg', '"no_param"')
processing filtering method unfiltered
processing coherence 0.0

processing triple ('raw', 'linear_reg', '"no_param"')
processing filtering method unfiltered
processing coherence 0.9783999919891357

processing triple ('raw', 'linear_reg', '"no_param"')
processing filtering method unfiltered
processing coherence 0.21780000627040863

processing triple ('raw', 'linear_reg', '"no_param"')
processing filtering method unfiltered
processing coherence 0.07999999821186066

processing triple ('raw', 'linear_reg', '"no_param"')
processing filtering method unfiltered
processing coherence 0.05000000074505806

processing triple ('raw', 'linear_reg', '"no_param"')
processing filtering method unfiltered
processing coherence 0.09000000357627869

processing triple ('raw', 'linear_reg', '"no_param"')
processing filtering method unfiltered
processing coherence 0.5249000191688538

processing triple ('raw', 'linear_reg', '"no_param"')
processing filtering method unfiltered
processing coherence 0.9448000192642212

processing triple ('raw', 'linear_reg', '"no_param"')
processing filtering method unfiltered
processing coherence 0.05000000074505806

processing triple ('raw', 'linear_reg', '"no_param"')
processing filtering method unfiltered
processing coherence 0.9783999919891357

processing triple ('raw', 'linear_reg', '"no_param"')
processing filtering method unfiltered
processing coherence 0.13199999928474426

processing triple ('raw', 'linear_reg', '"no_param"')
processing filtering method unfiltered
processing coherence 0.5249000191688538

processing triple ('raw', 'linear_reg', '"no_param"')
processing filtering method unfiltered
processing coherence 0.3594000041484833

processing triple ('raw', 'linear_reg', '"no_param"')
processing filtering method unfiltered
processing coherence 0.16200000047683716

processing triple ('raw', 'linear_reg', '"no_param"')
processing filtering method unfiltered
processing coherence 0.9783999919891357

processing triple ('raw', 'linear_reg', '"no_param"')
processing filtering method unfiltered
processing coherence 0.07999999821186066

processing triple ('raw', 'linear_reg', '"no_param"')
processing filtering method unfiltered
processing coherence 0.5929999947547913

processing triple ('raw', 'linear_reg', '"no_param"')
processing filtering method unfiltered
processing coherence 0.05000000074505806

processing triple ('raw', 'linear_reg', '"no_param"')
processing filtering method unfiltered
processing coherence 0.16200000047683716

processing triple ('raw', 'linear_reg', '"no_param"')
processing filtering method unfiltered
processing coherence 0.5249000191688538

processing triple ('raw', 'linear_reg', '"no_param"')
processing filtering method unfiltered
processing coherence 0.13199999928474426

processing triple ('raw', 'linear_reg', '"no_param"')
processing filtering method unfiltered
processing coherence 0.13199999928474426

processing triple ('raw', 'linear_reg', '"no_param"')
processing filtering method unfiltered
processing coherence 0.09000000357627869

processing triple ('raw', 'linear_reg', '"no_param"')
processing filtering method unfiltered
processing coherence 0.07999999821186066

processing triple ('raw', 'linear_reg', '"no_param"')
processing filtering method unfiltered
processing coherence 0.05000000074505806

processing triple ('raw', 'linear_reg', '"no_param"')
processing filtering method unfiltered
processing coherence 0.29159998893737793

processing triple ('raw', 'linear_reg', '"no_param"')
processing filtering method unfiltered
processing coherence 0.9783999919891357

processing triple ('raw', 'linear_reg', '"no_param"')
processing filtering method unfiltered
processing coherence 0.5929999947547913

processing triple ('raw', 'linear_reg', '"no_param"')
processing filtering method unfiltered
processing coherence 0.21780000627040863

processing triple ('raw', 'linear_reg', '"no_param"')
processing filtering method unfiltered
processing coherence 0.07999999821186066

processing triple ('raw', 'linear_reg', '"no_param"')
processing filtering method unfiltered
processing coherence 0.0

processing triple ('raw', 'linear_reg', '"no_param"')
processing filtering method unfiltered
processing coherence 0.9448000192642212

processing triple ('raw', 'linear_reg', '"no_param"')
processing filtering method unfiltered
processing coherence 0.5929999947547913

processing triple ('raw', 'linear_reg', '"no_param"')
processing filtering method unfiltered
processing coherence 0.5929999947547913

processing triple ('raw', 'linear_reg', '"no_param"')
processing filtering method unfiltered
processing coherence 0.9783999919891357

processing triple ('raw', 'linear_reg', '"no_param"')
processing filtering method unfiltered
processing coherence 0.09000000357627869

processing triple ('raw', 'linear_reg', '"no_param"')
processing filtering method unfiltered
processing coherence 0.29159998893737793

processing triple ('raw', 'linear_reg', '"no_param"')
processing filtering method unfiltered
processing coherence 0.29159998893737793

processing triple ('raw', 'linear_reg', '"no_param"')
processing filtering method unfiltered
processing coherence 0.05000000074505806

processing triple ('raw', 'linear_reg', '"no_param"')
processing filtering method unfiltered
processing coherence 0.0

processing triple ('raw', 'linear_reg', '"no_param"')
processing filtering method unfiltered
processing coherence 0.21780000627040863

processing triple ('raw', 'linear_reg', '"no_param"')
processing filtering method unfiltered
processing coherence 0.09000000357627869

processing triple ('raw', 'linear_reg', '"no_param"')
processing filtering method unfiltered
processing coherence 0.05000000074505806

processing triple ('raw', 'linear_reg', '"no_param"')
processing filtering method unfiltered
processing coherence 0.5249000191688538

processing triple ('raw', 'linear_reg', '"no_param"')
processing filtering method unfiltered
processing coherence 0.9448000192642212

processing triple ('raw', 'linear_reg', '"no_param"')
processing filtering method unfiltered
processing coherence 0.16200000047683716

processing triple ('raw', 'linear_reg', '"no_param"')
processing filtering method unfiltered
processing coherence 0.5249000191688538

processing triple ('raw', 'linear_reg', '"no_param"')
processing filtering method unfiltered
processing coherence 0.13199999928474426

processing triple ('raw', 'linear_reg', '"no_param"')
processing filtering method unfiltered
processing coherence 0.0

processing triple ('raw', 'linear_reg', '"no_param"')
processing filtering method unfiltered
processing coherence 0.29159998893737793

processing triple ('raw', 'linear_reg', '"no_param"')
processing filtering method unfiltered
processing coherence 0.13199999928474426

processing triple ('raw', 'linear_reg', '"no_param"')
processing filtering method unfiltered
processing coherence 0.5929999947547913

processing triple ('raw', 'linear_reg', '"no_param"')
processing filtering method unfiltered
processing coherence 0.07999999821186066

processing triple ('raw', 'linear_reg', '"no_param"')
processing filtering method unfiltered
processing coherence 0.0

processing triple ('raw', 'linear_reg', '"no_param"')
processing filtering method unfiltered
processing coherence 0.9783999919891357

processing triple ('raw', 'linear_reg', '"no_param"')
processing filtering method unfiltered
processing coherence 0.29159998893737793

processing triple ('raw', 'linear_reg', '"no_param"')
processing filtering method unfiltered
processing coherence 0.16200000047683716

processing triple ('raw', 'linear_reg', '"no_param"')
processing filtering method unfiltered
processing coherence 0.21780000627040863

processing triple ('raw', 'linear_reg', '"no_param"')
processing filtering method unfiltered
processing coherence 0.29159998893737793

processing triple ('raw', 'linear_reg', '"no_param"')
processing filtering method unfiltered
processing coherence 0.3594000041484833

processing triple ('raw', 'linear_reg', '"no_param"')
processing filtering method unfiltered
processing coherence 0.13199999928474426

processing triple ('raw', 'linear_reg', '"no_param"')
processing filtering method unfiltered
processing coherence 0.5929999947547913

processing triple ('raw', 'linear_reg', '"no_param"')
processing filtering method unfiltered
processing coherence 0.9783999919891357

processing triple ('raw', 'linear_reg', '"no_param"')
processing filtering method unfiltered
processing coherence 0.05000000074505806

processing triple ('raw', 'linear_reg', '"no_param"')
processing filtering method unfiltered
processing coherence 0.21780000627040863

processing triple ('raw', 'linear_reg', '"no_param"')
processing filtering method unfiltered
processing coherence 0.29159998893737793

processing triple ('raw', 'linear_reg', '"no_param"')
processing filtering method unfiltered
processing coherence 0.07999999821186066

processing triple ('raw', 'linear_reg', '"no_param"')
processing filtering method unfiltered
processing coherence 0.09000000357627869

processing triple ('raw', 'linear_reg', '"no_param"')
processing filtering method unfiltered
processing coherence 0.9448000192642212

processing triple ('raw', 'linear_reg', '"no_param"')
processing filtering method unfiltered
processing coherence 0.07999999821186066

processing triple ('raw', 'linear_reg', '"no_param"')
processing filtering method unfiltered
processing coherence 0.13199999928474426

processing triple ('raw', 'linear_reg', '"no_param"')
processing filtering method unfiltered
processing coherence 0.29159998893737793

processing triple ('raw', 'linear_reg', '"no_param"')
processing filtering method unfiltered
processing coherence 0.5929999947547913

processing triple ('raw', 'linear_reg', '"no_param"')
processing filtering method unfiltered
processing coherence 0.05000000074505806

processing triple ('raw', 'linear_reg', '"no_param"')
processing filtering method unfiltered
processing coherence 0.07999999821186066

processing triple ('raw', 'linear_reg', '"no_param"')
processing filtering method unfiltered
processing coherence 0.05000000074505806

processing triple ('raw', 'linear_reg', '"no_param"')
processing filtering method unfiltered
processing coherence 0.09000000357627869

processing triple ('raw', 'linear_reg', '"no_param"')
processing filtering method unfiltered
processing coherence 0.07999999821186066

processing triple ('raw', 'linear_reg', '"no_param"')
processing filtering method unfiltered
processing coherence 0.9448000192642212

processing triple ('raw', 'linear_reg', '"no_param"')
processing filtering method unfiltered
processing coherence 0.16200000047683716

processing triple ('raw', 'linear_reg', '"no_param"')
processing filtering method unfiltered
processing coherence 0.0

processing triple ('raw', 'linear_reg', '"no_param"')
processing filtering method unfiltered
processing coherence 0.5929999947547913

processing triple ('raw', 'linear_reg', '"no_param"')
processing filtering method unfiltered
processing coherence 0.09000000357627869

processing triple ('raw', 'linear_reg', '"no_param"')
processing filtering method unfiltered
processing coherence 0.5249000191688538

processing triple ('raw', 'linear_reg', '"no_param"')
processing filtering method unfiltered
processing coherence 0.09000000357627869

processing triple ('raw', 'linear_reg', '"no_param"')
processing filtering method unfiltered
processing coherence 0.5929999947547913

processing triple ('raw', 'linear_reg', '"no_param"')
processing filtering method unfiltered
processing coherence 0.29159998893737793

processing triple ('raw', 'linear_reg', '"no_param"')
processing filtering method unfiltered
processing coherence 0.29159998893737793

processing triple ('raw', 'linear_reg', '"no_param"')
processing filtering method unfiltered
processing coherence 0.16200000047683716

processing triple ('raw', 'linear_reg', '"no_param"')
processing filtering method unfiltered
processing coherence 0.29159998893737793

processing triple ('raw', 'linear_reg', '"no_param"')
processing filtering method unfiltered
processing coherence 0.5929999947547913

processing triple ('raw', 'linear_reg', '"no_param"')
processing filtering method unfiltered
processing coherence 0.16200000047683716

processing triple ('raw', 'linear_reg', '"no_param"')
processing filtering method unfiltered
processing coherence 0.9783999919891357

processing triple ('raw', 'linear_reg', '"no_param"')
processing filtering method unfiltered
processing coherence 0.9448000192642212

processing triple ('raw', 'linear_reg', '"no_param"')
processing filtering method unfiltered
processing coherence 0.21780000627040863

processing triple ('raw', 'linear_reg', '"no_param"')
processing filtering method unfiltered
processing coherence 0.5249000191688538

processing triple ('raw', 'linear_reg', '"no_param"')
processing filtering method unfiltered
processing coherence 0.9448000192642212

processing triple ('raw', 'linear_reg', '"no_param"')
processing filtering method unfiltered
processing coherence 0.07999999821186066

processing triple ('raw', 'linear_reg', '"no_param"')
processing filtering method unfiltered
processing coherence 0.07999999821186066

processing triple ('raw', 'linear_reg', '"no_param"')
processing filtering method unfiltered
processing coherence 0.9783999919891357

processing triple ('raw', 'linear_reg', '"no_param"')
processing filtering method unfiltered
processing coherence 0.09000000357627869

processing triple ('raw', 'linear_reg', '"no_param"')
processing filtering method unfiltered
processing coherence 0.29159998893737793

processing triple ('raw', 'linear_reg', '"no_param"')
processing filtering method unfiltered
processing coherence 0.9448000192642212

processing triple ('raw', 'linear_reg', '"no_param"')
processing filtering method unfiltered
processing coherence 0.07999999821186066

processing triple ('raw', 'linear_reg', '"no_param"')
processing filtering method unfiltered
processing coherence 0.21780000627040863

processing triple ('raw', 'linear_reg', '"no_param"')
processing filtering method unfiltered
processing coherence 0.0

processing triple ('raw', 'linear_reg', '"no_param"')
processing filtering method unfiltered
processing coherence 0.05000000074505806

processing triple ('raw', 'linear_reg', '"no_param"')
processing filtering method unfiltered
processing coherence 0.5249000191688538

processing triple ('raw', 'linear_reg', '"no_param"')
processing filtering method unfiltered
processing coherence 0.16200000047683716

processing triple ('raw', 'linear_reg', '"no_param"')
processing filtering method unfiltered
processing coherence 0.9448000192642212

processing triple ('raw', 'linear_reg', '"no_param"')
processing filtering method unfiltered
processing coherence 0.05000000074505806

processing triple ('raw', 'linear_reg', '"no_param"')
processing filtering method unfiltered
processing coherence 0.09000000357627869

processing triple ('raw', 'linear_reg', '"no_param"')
processing filtering method unfiltered
processing coherence 0.21780000627040863

processing triple ('raw', 'linear_reg', '"no_param"')
processing filtering method unfiltered
processing coherence 0.0

processing triple ('raw', 'linear_reg', '"no_param"')
processing filtering method unfiltered
processing coherence 0.21780000627040863

processing triple ('raw', 'linear_reg', '"no_param"')
============ Job Information ===================================================
Submitted: 2026-07-17T11:18:21
Started: 2026-07-17T11:24:30
Ended: 2026-07-17T11:26:12
Elapsed: 2 min, Limit: 720 min, Difference: 718 min
CPUs: 64, Nodes: 1
Estimated credit Consumption: 1.07 core-hours
================================================================================
