Traceback (most recent call last):
  File "/mnt/ceph-hdd/projects/cidbn_wolf_neurodyn/u24849/./src/main.py", line 115, in <module>
    db.fill()
  File "/mnt/ceph-hdd/projects/cidbn_wolf_neurodyn/u24849/src/database/kernel/__init__.py", line 319, in fill
    self._fill_kernels()
  File "/mnt/ceph-hdd/projects/cidbn_wolf_neurodyn/u24849/src/database/kernel/__init__.py", line 207, in _fill_kernels
    list_rows = pool.map(self._kernel_single_row, main_table)
                ^^^^^^^^^^^^^^^^^^^^^^^^^^^^^^^^^^^^^^^^^^^^^
  File "/sw/rev/25.04/rome_rocky8/linux-rocky8-zen/gcc-8.5.0/python-3.11.9-tgodgilcc64ycpsrwwvfvwaz3p6vxyl7/lib/python3.11/multiprocessing/pool.py", line 367, in map
    return self._map_async(func, iterable, mapstar, chunksize).get()
           ^^^^^^^^^^^^^^^^^^^^^^^^^^^^^^^^^^^^^^^^^^^^^^^^^^^^^^^^^
  File "/sw/rev/25.04/rome_rocky8/linux-rocky8-zen/gcc-8.5.0/python-3.11.9-tgodgilcc64ycpsrwwvfvwaz3p6vxyl7/lib/python3.11/multiprocessing/pool.py", line 774, in get
    raise self._value
  File "/sw/rev/25.04/rome_rocky8/linux-rocky8-zen/gcc-8.5.0/python-3.11.9-tgodgilcc64ycpsrwwvfvwaz3p6vxyl7/lib/python3.11/multiprocessing/pool.py", line 540, in _handle_tasks
    put(task)
  File "/sw/rev/25.04/rome_rocky8/linux-rocky8-zen/gcc-8.5.0/python-3.11.9-tgodgilcc64ycpsrwwvfvwaz3p6vxyl7/lib/python3.11/multiprocessing/connection.py", line 206, in send
    self._send_bytes(_ForkingPickler.dumps(obj))
                     ^^^^^^^^^^^^^^^^^^^^^^^^^^
  File "/sw/rev/25.04/rome_rocky8/linux-rocky8-zen/gcc-8.5.0/python-3.11.9-tgodgilcc64ycpsrwwvfvwaz3p6vxyl7/lib/python3.11/multiprocessing/reduction.py", line 51, in dumps
    cls(buf, protocol).dump(obj)
TypeError: cannot pickle 'sqlite3.Connection' object
srun: error: dbn01: task 0: Exited with exit code 1
srun: Terminating StepId=14927358.0
